  Compiling CUDA source file kernel.cu...
  
  D:\Universidad\Año 3\Segundo Cuatrimestre\Paradigmas Avanzados de Programacion\Practicas\Cuda\PAP-PL1\PAP-PL1>"D:\Cuda\v11.8\bin\nvcc.exe" -gencode=arch=compute_52,code=\"sm_52,compute_52\" --use-local-env -ccbin "D:\VisualStudio\Program Files\Microsoft Visual Studio\VC\Tools\MSVC\14.29.30133\bin\HostX86\x64" -x cu   -ID:\Cuda\v11.8\include -ID:\Cuda\v11.8\include  -G   --keep-dir x64\Debug  -maxrregcount=0  --machine 64 --compile -cudart static  -g  -DWIN32 -DWIN64 -D_DEBUG -D_CONSOLE -D_MBCS -Xcompiler "/EHsc /W3 /nologo /Od /Fdx64\Debug\vc142.pdb /FS /Zi /RTC1 /MDd " -o "D:\Universidad\Año 3\Segundo Cuatrimestre\Paradigmas Avanzados de Programacion\Practicas\Cuda\PAP-PL1\PAP-PL1\x64\Debug\kernel.cu.obj" "D:\Universidad\Año 3\Segundo Cuatrimestre\Paradigmas Avanzados de Programacion\Practicas\Cuda\PAP-PL1\PAP-PL1\kernel.cu" 
D:\Universidad\A±o 3\Segundo Cuatrimestre\Paradigmas Avanzados de Programacion\Practicas\Cuda\PAP-PL1\PAP-PL1\kernel.cu(232): warning #173-D: floating-point value does not fit in required integral type
  
D:\Universidad\A±o 3\Segundo Cuatrimestre\Paradigmas Avanzados de Programacion\Practicas\Cuda\PAP-PL1\PAP-PL1\kernel.cu(233): warning #173-D: floating-point value does not fit in required integral type
  
D:\Universidad\A±o 3\Segundo Cuatrimestre\Paradigmas Avanzados de Programacion\Practicas\Cuda\PAP-PL1\PAP-PL1\kernel.cu(815): warning #2464-D: conversion from a string literal to "char *" is deprecated
  
D:\Universidad\A±o 3\Segundo Cuatrimestre\Paradigmas Avanzados de Programacion\Practicas\Cuda\PAP-PL1\PAP-PL1\kernel.cu(834): warning #2464-D: conversion from a string literal to "char *" is deprecated
  
D:\Universidad\A±o 3\Segundo Cuatrimestre\Paradigmas Avanzados de Programacion\Practicas\Cuda\PAP-PL1\PAP-PL1\kernel.cu(853): warning #2464-D: conversion from a string literal to "char *" is deprecated
  
D:\Universidad\A±o 3\Segundo Cuatrimestre\Paradigmas Avanzados de Programacion\Practicas\Cuda\PAP-PL1\PAP-PL1\kernel.cu(872): warning #2464-D: conversion from a string literal to "char *" is deprecated
  
D:\Universidad\A±o 3\Segundo Cuatrimestre\Paradigmas Avanzados de Programacion\Practicas\Cuda\PAP-PL1\PAP-PL1\kernel.cu(891): warning #2464-D: conversion from a string literal to "char *" is deprecated
  
D:\Universidad\A±o 3\Segundo Cuatrimestre\Paradigmas Avanzados de Programacion\Practicas\Cuda\PAP-PL1\PAP-PL1\kernel.cu(815): warning #2464-D: conversion from a string literal to "char *" is deprecated
  
D:\Universidad\A±o 3\Segundo Cuatrimestre\Paradigmas Avanzados de Programacion\Practicas\Cuda\PAP-PL1\PAP-PL1\kernel.cu(834): warning #2464-D: conversion from a string literal to "char *" is deprecated
  
D:\Universidad\A±o 3\Segundo Cuatrimestre\Paradigmas Avanzados de Programacion\Practicas\Cuda\PAP-PL1\PAP-PL1\kernel.cu(853): warning #2464-D: conversion from a string literal to "char *" is deprecated
  
D:\Universidad\A±o 3\Segundo Cuatrimestre\Paradigmas Avanzados de Programacion\Practicas\Cuda\PAP-PL1\PAP-PL1\kernel.cu(872): warning #2464-D: conversion from a string literal to "char *" is deprecated
  
D:\Universidad\A±o 3\Segundo Cuatrimestre\Paradigmas Avanzados de Programacion\Practicas\Cuda\PAP-PL1\PAP-PL1\kernel.cu(891): warning #2464-D: conversion from a string literal to "char *" is deprecated
  
  kernel.cu
D:\Universidad\Año 3\Segundo Cuatrimestre\Paradigmas Avanzados de Programacion\Practicas\Cuda\PAP-PL1\PAP-PL1\kernel.cu(168): warning C4244: 'return': conversión de 'double' a 'float'; posible pérdida de datos
D:\Universidad\Año 3\Segundo Cuatrimestre\Paradigmas Avanzados de Programacion\Practicas\Cuda\PAP-PL1\PAP-PL1\kernel.cu(183): warning C4244: 'return': conversión de 'int' a 'float'; posible pérdida de datos
D:\Universidad\Año 3\Segundo Cuatrimestre\Paradigmas Avanzados de Programacion\Practicas\Cuda\PAP-PL1\PAP-PL1\kernel.cu(232): warning C4244: 'inicializando': conversión de 'float' a 'int'; posible pérdida de datos
D:\Universidad\Año 3\Segundo Cuatrimestre\Paradigmas Avanzados de Programacion\Practicas\Cuda\PAP-PL1\PAP-PL1\kernel.cu(233): warning C4244: 'inicializando': conversión de 'float' a 'int'; posible pérdida de datos
D:\Universidad\Año 3\Segundo Cuatrimestre\Paradigmas Avanzados de Programacion\Practicas\Cuda\PAP-PL1\PAP-PL1\kernel.cu(277): warning C4244: '=': conversión de 'float' a 'int'; posible pérdida de datos
D:\Universidad\Año 3\Segundo Cuatrimestre\Paradigmas Avanzados de Programacion\Practicas\Cuda\PAP-PL1\PAP-PL1\kernel.cu(284): warning C4244: '=': conversión de 'float' a 'int'; posible pérdida de datos
D:\Universidad\Año 3\Segundo Cuatrimestre\Paradigmas Avanzados de Programacion\Practicas\Cuda\PAP-PL1\PAP-PL1\kernel.cu(915): warning C4267: 'inicializando': conversión de 'size_t' a 'int'; posible pérdida de datos
D:\Universidad\Año 3\Segundo Cuatrimestre\Paradigmas Avanzados de Programacion\Practicas\Cuda\PAP-PL1\PAP-PL1\kernel.cu(922): warning C4267: 'argumento': conversión de 'size_t' a 'int'; posible pérdida de datos
D:\Universidad\Año 3\Segundo Cuatrimestre\Paradigmas Avanzados de Programacion\Practicas\Cuda\PAP-PL1\PAP-PL1\kernel.cu(983): warning C4018: '<': no coinciden signed/unsigned
D:\Universidad\Año 3\Segundo Cuatrimestre\Paradigmas Avanzados de Programacion\Practicas\Cuda\PAP-PL1\PAP-PL1\kernel.cu(1003): warning C4267: 'inicializando': conversión de 'size_t' a 'int'; posible pérdida de datos
D:\Universidad\Año 3\Segundo Cuatrimestre\Paradigmas Avanzados de Programacion\Practicas\Cuda\PAP-PL1\PAP-PL1\kernel.cu(1005): warning C4267: 'argumento': conversión de 'size_t' a 'int'; posible pérdida de datos
D:\Universidad\Año 3\Segundo Cuatrimestre\Paradigmas Avanzados de Programacion\Practicas\Cuda\PAP-PL1\PAP-PL1\kernel.cu(1087): warning C4018: '<': no coinciden signed/unsigned
D:\Universidad\Año 3\Segundo Cuatrimestre\Paradigmas Avanzados de Programacion\Practicas\Cuda\PAP-PL1\PAP-PL1\kernel.cu(1101): warning C4267: 'inicializando': conversión de 'size_t' a 'int'; posible pérdida de datos
D:\Universidad\Año 3\Segundo Cuatrimestre\Paradigmas Avanzados de Programacion\Practicas\Cuda\PAP-PL1\PAP-PL1\kernel.cu(1103): warning C4267: 'argumento': conversión de 'size_t' a 'int'; posible pérdida de datos
D:\Universidad\Año 3\Segundo Cuatrimestre\Paradigmas Avanzados de Programacion\Practicas\Cuda\PAP-PL1\PAP-PL1\kernel.cu(1309): warning C4267: 'argumento': conversión de 'size_t' a 'int'; posible pérdida de datos
D:\Universidad\Año 3\Segundo Cuatrimestre\Paradigmas Avanzados de Programacion\Practicas\Cuda\PAP-PL1\PAP-PL1\kernel.cu(1335): warning C4267: 'argumento': conversión de 'size_t' a 'int'; posible pérdida de datos
D:\Universidad\Año 3\Segundo Cuatrimestre\Paradigmas Avanzados de Programacion\Practicas\Cuda\PAP-PL1\PAP-PL1\kernel.cu(1356): warning C4267: 'argumento': conversión de 'size_t' a 'int'; posible pérdida de datos
D:\Universidad\Año 3\Segundo Cuatrimestre\Paradigmas Avanzados de Programacion\Practicas\Cuda\PAP-PL1\PAP-PL1\kernel.cu(1378): warning C4244: 'inicializando': conversión de '__int64' a 'int'; posible pérdida de datos
D:\Universidad\Año 3\Segundo Cuatrimestre\Paradigmas Avanzados de Programacion\Practicas\Cuda\PAP-PL1\PAP-PL1\kernel.cu(1411): warning C4244: 'inicializando': conversión de 'float' a 'int'; posible pérdida de datos
D:\Universidad\Año 3\Segundo Cuatrimestre\Paradigmas Avanzados de Programacion\Practicas\Cuda\PAP-PL1\PAP-PL1\kernel.cu(1435): warning C4244: '=': conversión de '__int64' a 'int'; posible pérdida de datos
D:\Universidad\Año 3\Segundo Cuatrimestre\Paradigmas Avanzados de Programacion\Practicas\Cuda\PAP-PL1\PAP-PL1\kernel.cu(1650): warning C4267: 'inicializando': conversión de 'size_t' a 'int'; posible pérdida de datos
D:\Universidad\Año 3\Segundo Cuatrimestre\Paradigmas Avanzados de Programacion\Practicas\Cuda\PAP-PL1\PAP-PL1\kernel.cu(1700): warning C4267: 'inicializando': conversión de 'size_t' a 'int'; posible pérdida de datos
     Creando biblioteca D:\Universidad\Año 3\Segundo Cuatrimestre\Paradigmas Avanzados de Programacion\Practicas\Cuda\PAP-PL1\x64\Debug\PAP-PL1.lib y objeto D:\Universidad\Año 3\Segundo Cuatrimestre\Paradigmas Avanzados de Programacion\Practicas\Cuda\PAP-PL1\x64\Debug\PAP-PL1.exp
LINK : warning LNK4098: la biblioteca predeterminada'LIBCMT' entra en conflicto con otras bibliotecas; use la biblioteca /NODEFAULTLIB:biblioteca
  PAP-PL1.vcxproj -> D:\Universidad\Año 3\Segundo Cuatrimestre\Paradigmas Avanzados de Programacion\Practicas\Cuda\PAP-PL1\x64\Debug\PAP-PL1.exe
